Component: ARM Compiler 5.05 (build 41) Tool: armlink [4d0eb9]

==============================================================================

Section Cross References

    main.o(.text) refers to _printf_pad.o(.text) for _printf_pre_padding
    main.o(.text) refers to _printf_percent.o(.ARM.Collect$$_printf_percent$$00000000) for _printf_percent
    main.o(.text) refers to _printf_d.o(.ARM.Collect$$_printf_percent$$00000009) for _printf_d
    main.o(.text) refers to _printf_x.o(.ARM.Collect$$_printf_percent$$0000000C) for _printf_x
    main.o(.text) refers to _printf_s.o(.ARM.Collect$$_printf_percent$$00000014) for _printf_s
    main.o(.text) refers to _printf_dec.o(.text) for _printf_int_dec
    main.o(.text) refers to _printf_hex_int.o(.text) for _printf_longlong_hex
    main.o(.text) refers to _printf_str.o(.text) for _printf_str
    main.o(.text) refers to noretval__2printf.o(.text) for __2printf
    main.o(.text) refers to pstorage.o(.text) for pstorage_access_status_get
    main.o(.text) refers to device_manager_central.o(.text) for dm_whitelist_create
    main.o(.text) refers to nrf6350.o(.text) for nrf6350_lcd_write_string
    main.o(.text) refers to rt_memcpy.o(.text) for __aeabi_memcpy
    main.o(.text) refers to ble_db_discovery.o(.text) for ble_db_discovery_start
    main.o(.text) refers to rt_memclr.o(.text) for __aeabi_memclr
    main.o(.text) refers to ble_hrs_c.o(.text) for ble_hrs_c_hrm_notif_enable
    main.o(.text) refers to main.o(.data) for m_memory_access_in_progress
    main.o(.text) refers to main.o(.bss) for m_scan_param
    main.o(.text) refers to main.o(.conststring) for .conststring
    main.o(.text) refers to ble_bas_c.o(.text) for ble_bas_c_on_ble_evt
    main.o(.text) refers to softdevice_handler.o(.text) for softdevice_handler_init
    main.o(.text) refers to noretval__2sprintf.o(.text) for __2sprintf
    main.o(.text) refers to strlen.o(.text) for strlen
    main.o(.text) refers to main.o(.constdata) for m_connection_param
    main.o(.text) refers to app_trace.o(.text) for app_trace_init
    ble_bas_c.o(.text) refers to _printf_percent.o(.ARM.Collect$$_printf_percent$$00000000) for _printf_percent
    ble_bas_c.o(.text) refers to _printf_d.o(.ARM.Collect$$_printf_percent$$00000009) for _printf_d
    ble_bas_c.o(.text) refers to _printf_dec.o(.text) for _printf_int_dec
    ble_bas_c.o(.text) refers to noretval__2printf.o(.text) for __2printf
    ble_bas_c.o(.text) refers to ble_db_discovery.o(.text) for ble_db_discovery_evt_register
    ble_bas_c.o(.text) refers to ble_bas_c.o(.data) for m_tx_index
    ble_bas_c.o(.text) refers to ble_bas_c.o(.bss) for m_tx_buffer
    ble_bas_c.o(.text) refers to ble_bas_c.o(.conststring) for .conststring
    ble_hrs_c.o(.text) refers to _printf_percent.o(.ARM.Collect$$_printf_percent$$00000000) for _printf_percent
    ble_hrs_c.o(.text) refers to _printf_d.o(.ARM.Collect$$_printf_percent$$00000009) for _printf_d
    ble_hrs_c.o(.text) refers to _printf_dec.o(.text) for _printf_int_dec
    ble_hrs_c.o(.text) refers to noretval__2printf.o(.text) for __2printf
    ble_hrs_c.o(.text) refers to ble_db_discovery.o(.text) for ble_db_discovery_evt_register
    ble_hrs_c.o(.text) refers to ble_hrs_c.o(.data) for m_tx_index
    ble_hrs_c.o(.text) refers to ble_hrs_c.o(.bss) for m_tx_buffer
    ble_hrs_c.o(.text) refers to ble_hrs_c.o(.conststring) for .conststring
    app_button.o(.text) refers to main.o(.text) for app_error_handler
    app_button.o(.text) refers to app_gpiote.o(.text) for app_gpiote_pins_state_get
    app_button.o(.text) refers to app_timer.o(.text) for app_timer_stop
    app_button.o(.text) refers to app_button.o(.data) for m_evt_schedule_func
    app_gpiote.o(.text) refers to rt_memclr.o(.text) for __aeabi_memclr4
    app_gpiote.o(.text) refers to app_gpiote.o(.data) for mp_users
    app_timer.o(.text) refers to app_timer.o(.emb_text) for __asm___11_app_timer_c_cd27f9c3__nrf_delay_us
    app_timer.o(.text) refers to main.o(.text) for app_error_handler
    app_timer.o(.text) refers to app_timer.o(.data) for m_rtc1_running
    app_trace.o(.text) refers to _printf_pad.o(.text) for _printf_pre_padding
    app_trace.o(.text) refers to _printf_percent.o(.ARM.Collect$$_printf_percent$$00000000) for _printf_percent
    app_trace.o(.text) refers to _printf_x.o(.ARM.Collect$$_printf_percent$$0000000C) for _printf_x
    app_trace.o(.text) refers to _printf_hex_int.o(.text) for _printf_longlong_hex
    app_trace.o(.text) refers to simple_uart.o(.text) for simple_uart_config
    app_trace.o(.text) refers to noretval__2printf.o(.text) for __2printf
    ble_db_discovery.o(.text) refers to _printf_percent.o(.ARM.Collect$$_printf_percent$$00000000) for _printf_percent
    ble_db_discovery.o(.text) refers to _printf_d.o(.ARM.Collect$$_printf_percent$$00000009) for _printf_d
    ble_db_discovery.o(.text) refers to _printf_x.o(.ARM.Collect$$_printf_percent$$0000000C) for _printf_x
[...]
    Removing ble_debug_assert_handler.o(.text), (60 bytes).
    Removing ble_debug_assert_handler.o(.bss), (128 bytes).
    Removing ble_debug_assert_handler.o(.data), (8 bytes).
    Removing nrf6350.o(.rev16_text), (4 bytes).
    Removing nrf6350.o(.revsh_text), (4 bytes).
    Removing pstorage.o(.rev16_text), (4 bytes).
    Removing pstorage.o(.revsh_text), (4 bytes).
    Removing simple_uart.o(.rev16_text), (4 bytes).
    Removing simple_uart.o(.revsh_text), (4 bytes).
    Removing softdevice_handler.o(.rev16_text), (4 bytes).
    Removing softdevice_handler.o(.revsh_text), (4 bytes).
    Removing twi_hw_master.o(.rev16_text), (4 bytes).
    Removing twi_hw_master.o(.revsh_text), (4 bytes).
    Removing system_nrf51.o(.rev16_text), (4 bytes).
    Removing system_nrf51.o(.revsh_text), (4 bytes).

29 unused section(s) (total 984 bytes) removed from the image.

==============================================================================

Image Symbol Table

    Local Symbols

    Symbol Name                              Value     Ov Type        Size  Object(Section)

    RESET                                    0x00000000   Section      192  arm_startup_nrf51.o(RESET)
    ../clib/angel/boardlib.s                 0x00000000   Number         0  boardinit2.o ABSOLUTE
    ../clib/angel/boardlib.s                 0x00000000   Number         0  boardinit1.o ABSOLUTE
    ../clib/angel/boardlib.s                 0x00000000   Number         0  boardinit3.o ABSOLUTE
    ../clib/angel/boardlib.s                 0x00000000   Number         0  boardshut.o ABSOLUTE
    ../clib/angel/handlers.s                 0x00000000   Number         0  __scatter_zi.o ABSOLUTE
    ../clib/angel/handlers.s                 0x00000000   Number         0  __scatter_copy.o ABSOLUTE
    ../clib/angel/kernel.s                   0x00000000   Number         0  __rtentry.o ABSOLUTE
    ../clib/angel/kernel.s                   0x00000000   Number         0  __rtentry4.o ABSOLUTE
    ../clib/angel/kernel.s                   0x00000000   Number         0  __rtentry2.o ABSOLUTE
    ../clib/angel/kernel.s                   0x00000000   Number         0  rtexit.o ABSOLUTE
    ../clib/angel/kernel.s                   0x00000000   Number         0  rtexit2.o ABSOLUTE
    ../clib/angel/rt.s                       0x00000000   Number         0  rt_div0.o ABSOLUTE
    ../clib/angel/rt.s                       0x00000000   Number         0  rt_raise.o ABSOLUTE
    ../clib/angel/rt.s                       0x00000000   Number         0  aeabi_idiv0.o ABSOLUTE
    ../clib/angel/rt.s                       0x00000000   Number         0  aeabi_idiv0_sigfpe.o ABSOLUTE
    ../clib/angel/scatterp.s                 0x00000000   Number         0  __scatter.o ABSOLUTE
    ../clib/angel/startup.s                  0x00000000   Number         0  __main.o ABSOLUTE
    ../clib/angel/sys.s                      0x00000000   Number         0  sys_stackheap_outer.o ABSOLUTE
    ../clib/angel/sys.s                      0x00000000   Number         0  libspace.o ABSOLUTE
    ../clib/angel/sys.s                      0x00000000   Number         0  tempstk.o ABSOLUTE
    ../clib/angel/sys.s                      0x00000000   Number         0  indicate_semi.o ABSOLUTE
    ../clib/angel/sys.s                      0x00000000   Number         0  use_no_semi.o ABSOLUTE
    ../clib/angel/sysapp.c                   0x00000000   Number         0  sys_command.o ABSOLUTE
    ../clib/angel/sysapp.c                   0x00000000   Number         0  sys_exit.o ABSOLUTE
    ../clib/angel/sysapp.c                   0x00000000   Number         0  sys_wrch.o ABSOLUTE
    ../clib/armsys.c                         0x00000000   Number         0  _get_argv_nomalloc.o ABSOLUTE
    ../clib/armsys.c                         0x00000000   Number         0  no_argv.o ABSOLUTE
    ../clib/armsys.c                         0x00000000   Number         0  argv_veneer.o ABSOLUTE
    ../clib/division.c                       0x00000000   Number         0  rtudiv10.o ABSOLUTE
    ../clib/division.s                       0x00000000   Number         0  aeabi_sdiv_div0.o ABSOLUTE
    ../clib/division.s                       0x00000000   Number         0  aeabi_sdiv.o ABSOLUTE
    ../clib/heapalloc.c                      0x00000000   Number         0  hrguard.o ABSOLUTE
    ../clib/heapaux.c                        0x00000000   Number         0  heapauxi.o ABSOLUTE
    ../clib/libinit.s                        0x00000000   Number         0  libinit2.o ABSOLUTE
    ../clib/libinit.s                        0x00000000   Number         0  libinit.o ABSOLUTE
    ../clib/libinit.s                        0x00000000   Number         0  libshutdown.o ABSOLUTE
    ../clib/libinit.s                        0x00000000   Number         0  libshutdown2.o ABSOLUTE
    ../clib/memcpset.c                       0x00000000   Number         0  rt_memclr.o ABSOLUTE
    ../clib/memcpset.c                       0x00000000   Number         0  rt_memcpy.o ABSOLUTE
    ../clib/memcpset.c                       0x00000000   Number         0  rt_memcpy.o ABSOLUTE
    ../clib/misc.s                           0x00000000   Number         0  printf_stubs.o ABSOLUTE
    ../clib/printf.c                         0x00000000   Number         0  __printf_flags_ss.o ABSOLUTE
    ../clib/printf.c                         0x00000000   Number         0  __printf_flags_wp.o ABSOLUTE
    ../clib/printf.c                         0x00000000   Number         0  __printf_ss_wp.o ABSOLUTE
    ../clib/printf.c                         0x00000000   Number         0  __printf_flags_ss_wp.o ABSOLUTE
    ../clib/printf.c                         0x00000000   Number         0  __printf_wp.o ABSOLUTE
    ../clib/printf.c                         0x00000000   Number         0  _printf_hex_ll.o ABSOLUTE
    ../clib/printf.c                         0x00000000   Number         0  _printf_intcommon.o ABSOLUTE
    ../clib/printf.c                         0x00000000   Number         0  _printf_char_common.o ABSOLUTE
    ../clib/printf.c                         0x00000000   Number         0  _sputc.o ABSOLUTE
    ../clib/printf.c                         0x00000000   Number         0  _printf_char.o ABSOLUTE
    ../clib/printf.c                         0x00000000   Number         0  _printf_hex_int_ll.o ABSOLUTE
    ../clib/printf.c                         0x00000000   Number         0  __2printf.o ABSOLUTE
    ../clib/printf.c                         0x00000000   Number         0  __2sprintf.o ABSOLUTE
    ../clib/printf.c                         0x00000000   Number         0  noretval__2printf.o ABSOLUTE
    ../clib/printf.c                         0x00000000   Number         0  noretval__2sprintf.o ABSOLUTE
    ../clib/printf.c                         0x00000000   Number         0  __printf.o ABSOLUTE
    ../clib/printf.c                         0x00000000   Number         0  _printf_pad.o ABSOLUTE
    ../clib/printf.c                         0x00000000   Number         0  _printf_str.o ABSOLUTE
    ../clib/printf.c                         0x00000000   Number         0  _printf_dec.o ABSOLUTE
    ../clib/printf.c                         0x00000000   Number         0  __printf_nopercent.o ABSOLUTE
    ../clib/printf.c                         0x00000000   Number         0  _printf_hex_int.o ABSOLUTE
    ../clib/printf.c                         0x00000000   Number         0  _printf_char_file.o ABSOLUTE
    ../clib/printf.c                         0x00000000   Number         0  _printf_hex_ptr.o ABSOLUTE
    ../clib/printf.c                         0x00000000   Number         0  _printf_hex_int_ptr.o ABSOLUTE
    ../clib/printf.c                         0x00000000   Number         0  _printf_hex_ll_ptr.o ABSOLUTE
    ../clib/printf.c                         0x00000000   Number         0  _printf_hex_int_ll_ptr.o ABSOLUTE
    ../clib/printf.c                         0x00000000   Number         0  __printf_flags.o ABSOLUTE
    ../clib/printf.c                         0x00000000   Number         0  __printf_ss.o ABSOLUTE
    ../clib/printf_percent.s                 0x00000000   Number         0  _printf_percent.o ABSOLUTE
    ../clib/printf_percent.s                 0x00000000   Number         0  _printf_d.o ABSOLUTE
    ../clib/printf_percent.s                 0x00000000   Number         0  _printf_x.o ABSOLUTE
    ../clib/printf_percent.s                 0x00000000   Number         0  _printf_s.o ABSOLUTE
    ../clib/printf_percent.s                 0x00000000   Number         0  _printf_percent_end.o ABSOLUTE
    ../clib/signal.c                         0x00000000   Number         0  defsig_rtmem_formal.o ABSOLUTE
    ../clib/signal.c                         0x00000000   Number         0  defsig_rtmem_outer.o ABSOLUTE
    ../clib/signal.c                         0x00000000   Number         0  defsig_rtmem_inner.o ABSOLUTE
    ../clib/signal.c                         0x00000000   Number         0  defsig_rtred_inner.o ABSOLUTE
    ../clib/signal.c                         0x00000000   Number         0  defsig_abrt_inner.o ABSOLUTE
    ../clib/signal.c                         0x00000000   Number         0  defsig_general.o ABSOLUTE
    ../clib/signal.c                         0x00000000   Number         0  __raise.o ABSOLUTE
    ../clib/signal.c                         0x00000000   Number         0  defsig_fpe_outer.o ABSOLUTE
    ../clib/signal.c                         0x00000000   Number         0  defsig_other.o ABSOLUTE
    ../clib/signal.c                         0x00000000   Number         0  defsig_segv_inner.o ABSOLUTE
    ../clib/signal.c                         0x00000000   Number         0  defsig_cppl_inner.o ABSOLUTE
    ../clib/signal.c                         0x00000000   Number         0  defsig_pvfn_inner.o ABSOLUTE
    ../clib/signal.c                         0x00000000   Number         0  defsig_stak_inner.o ABSOLUTE
    ../clib/signal.c                         0x00000000   Number         0  defsig_exit.o ABSOLUTE
    ../clib/signal.c                         0x00000000   Number         0  defsig_fpe_inner.o ABSOLUTE
    ../clib/signal.c                         0x00000000   Number         0  defsig_fpe_formal.o ABSOLUTE
    ../clib/signal.s                         0x00000000   Number         0  defsig.o ABSOLUTE
    ../clib/stdio.c                          0x00000000   Number         0  ferror.o ABSOLUTE
    ../clib/stdio.c                          0x00000000   Number         0  ferror_locked.o ABSOLUTE
    ../clib/stdlib.c                         0x00000000   Number         0  exit.o ABSOLUTE
    ../clib/string.c                         0x00000000   Number         0  strncpy.o ABSOLUTE
    ../clib/string.c                         0x00000000   Number         0  strlen.o ABSOLUTE
    ../clib/string.c                         0x00000000   Number         0  memcmp.o ABSOLUTE
    ../fplib/cfplib/fpinit.c                 0x00000000   Number         0  fpinit.o ABSOLUTE
    RTE\Device\nRF51822_xxAB\arm_startup_nrf51.s 0x00000000   Number         0  arm_startup_nrf51.o ABSOLUTE
    RTE\Device\nRF51822_xxAB\system_nrf51.c  0x00000000   Number         0  system_nrf51.o ABSOLUTE
    RTE\\Device\\nRF51822_xxAB\\system_nrf51.c 0x00000000   Number         0  system_nrf51.o ABSOLUTE
    application\\main.c                      0x00000000   Number         0  main.o ABSOLUTE
    application\main.c                       0x00000000   Number         0  main.o ABSOLUTE
    dc.s                                     0x00000000   Number         0  dc.o ABSOLUTE
    libraries\\app_button.c                  0x00000000   Number         0  app_button.o ABSOLUTE
    libraries\\app_gpiote.c                  0x00000000   Number         0  app_gpiote.o ABSOLUTE
    libraries\\app_timer.c                   0x00000000   Number         0  app_timer.o ABSOLUTE
    libraries\\app_trace.c                   0x00000000   Number         0  app_trace.o ABSOLUTE
    libraries\\ble_debug_assert_handler.c    0x00000000   Number         0  ble_debug_assert_handler.o ABSOLUTE
    libraries\\nrf6350.c                     0x00000000   Number         0  nrf6350.o ABSOLUTE
    libraries\\pstorage.c                    0x00000000   Number         0  pstorage.o ABSOLUTE
    libraries\\simple_uart.c                 0x00000000   Number         0  simple_uart.o ABSOLUTE
    libraries\\softdevice_handler.c          0x00000000   Number         0  softdevice_handler.o ABSOLUTE
    libraries\\twi_hw_master.c               0x00000000   Number         0  twi_hw_master.o ABSOLUTE
    libraries\app_button.c                   0x00000000   Number         0  app_button.o ABSOLUTE
    libraries\app_gpiote.c                   0x00000000   Number         0  app_gpiote.o ABSOLUTE
    libraries\app_timer.c                    0x00000000   Number         0  app_timer.o ABSOLUTE
    libraries\app_trace.c                    0x00000000   Number         0  app_trace.o ABSOLUTE
    libraries\ble_db_discovery.c             0x00000000   Number         0  ble_db_discovery.o ABSOLUTE
    libraries\ble_debug_assert_handler.c     0x00000000   Number         0  ble_debug_assert_handler.o ABSOLUTE
    libraries\device_manager_central.c       0x00000000   Number         0  device_manager_central.o ABSOLUTE
    libraries\nrf6350.c                      0x00000000   Number         0  nrf6350.o ABSOLUTE
    libraries\pstorage.c                     0x00000000   Number         0  pstorage.o ABSOLUTE
    libraries\simple_uart.c                  0x00000000   Number         0  simple_uart.o ABSOLUTE
    libraries\softdevice_handler.c           0x00000000   Number         0  softdevice_handler.o ABSOLUTE
    libraries\twi_hw_master.c                0x00000000   Number         0  twi_hw_master.o ABSOLUTE
    services\ble_bas_c.c                     0x00000000   Number         0  ble_bas_c.o ABSOLUTE
    services\ble_hrs_c.c                     0x00000000   Number         0  ble_hrs_c.o ABSOLUTE
    !!!main                                  0x000000c0   Section        8  __main.o(!!!main)
    !!!scatter                               0x000000c8   Section       60  __scatter.o(!!!scatter)
    !!handler_copy                           0x00000104   Section       26  __scatter_copy.o(!!handler_copy)
    !!handler_zi                             0x00000120   Section       28  __scatter_zi.o(!!handler_zi)
    .ARM.Collect$$_printf_percent$$00000000  0x0000013c   Section        2  _printf_percent.o(.ARM.Collect$$_printf_percent$$00000000)
    .ARM.Collect$$_printf_percent$$00000009  0x0000013e   Section       10  _printf_d.o(.ARM.Collect$$_printf_percent$$00000009)
    .ARM.Collect$$_printf_percent$$0000000C  0x00000148   Section       10  _printf_x.o(.ARM.Collect$$_printf_percent$$0000000C)
    .ARM.Collect$$_printf_percent$$00000014  0x00000152   Section       10  _printf_s.o(.ARM.Collect$$_printf_percent$$00000014)
    .ARM.Collect$$_printf_percent$$00000017  0x0000015c   Section        4  _printf_percent_end.o(.ARM.Collect$$_printf_percent$$00000017)
    .ARM.Collect$$libinit$$00000000          0x00000160   Section        2  libinit.o(.ARM.Collect$$libinit$$00000000)
    .ARM.Collect$$libinit$$00000002          0x00000162   Section        0  libinit2.o(.ARM.Collect$$libinit$$00000002)
    .ARM.Collect$$libinit$$00000004          0x00000162   Section        0  libinit2.o(.ARM.Collect$$libinit$$00000004)
    .ARM.Collect$$libinit$$0000000A          0x00000162   Section        0  libinit2.o(.ARM.Collect$$libinit$$0000000A)
    .ARM.Collect$$libinit$$0000000C          0x00000162   Section        0  libinit2.o(.ARM.Collect$$libinit$$0000000C)
    .ARM.Collect$$libinit$$0000000E          0x00000162   Section        0  libinit2.o(.ARM.Collect$$libinit$$0000000E)
    .ARM.Collect$$libinit$$00000011          0x00000162   Section        0  libinit2.o(.ARM.Collect$$libinit$$00000011)
    .ARM.Collect$$libinit$$00000013          0x00000162   Section        0  libinit2.o(.ARM.Collect$$libinit$$00000013)
    .ARM.Collect$$libinit$$00000015          0x00000162   Section        0  libinit2.o(.ARM.Collect$$libinit$$00000015)
    .ARM.Collect$$libinit$$00000017          0x00000162   Section        0  libinit2.o(.ARM.Collect$$libinit$$00000017)
    .ARM.Collect$$libinit$$00000019          0x00000162   Section        0  libinit2.o(.ARM.Collect$$libinit$$00000019)
    .ARM.Collect$$libinit$$0000001B          0x00000162   Section        0  libinit2.o(.ARM.Collect$$libinit$$0000001B)
    .ARM.Collect$$libinit$$0000001D          0x00000162   Section        0  libinit2.o(.ARM.Collect$$libinit$$0000001D)
    .ARM.Collect$$libinit$$0000001F          0x00000162   Section        0  libinit2.o(.ARM.Collect$$libinit$$0000001F)
    .ARM.Collect$$libinit$$00000021          0x00000162   Section        0  libinit2.o(.ARM.Collect$$libinit$$00000021)
    .ARM.Collect$$libinit$$00000023          0x00000162   Section        0  libinit2.o(.ARM.Collect$$libinit$$00000023)
    .ARM.Collect$$libinit$$00000025          0x00000162   Section        0  libinit2.o(.ARM.Collect$$libinit$$00000025)
    .ARM.Collect$$libinit$$0000002C          0x00000162   Section        0  libinit2.o(.ARM.Collect$$libinit$$0000002C)
    .ARM.Collect$$libinit$$0000002E          0x00000162   Section        0  libinit2.o(.ARM.Collect$$libinit$$0000002E)
    .ARM.Collect$$libinit$$00000030          0x00000162   Section        0  libinit2.o(.ARM.Collect$$libinit$$00000030)
    .ARM.Collect$$libinit$$00000032          0x00000162   Section        0  libinit2.o(.ARM.Collect$$libinit$$00000032)
    .ARM.Collect$$libinit$$00000033          0x00000162   Section        2  libinit2.o(.ARM.Collect$$libinit$$00000033)
    .ARM.Collect$$libshutdown$$00000000      0x00000164   Section        2  libshutdown.o(.ARM.Collect$$libshutdown$$00000000)
    .ARM.Collect$$libshutdown$$00000003      0x00000166   Section        0  libshutdown2.o(.ARM.Collect$$libshutdown$$00000003)
    .ARM.Collect$$libshutdown$$00000006      0x00000166   Section        0  libshutdown2.o(.ARM.Collect$$libshutdown$$00000006)
    .ARM.Collect$$libshutdown$$00000009      0x00000166   Section        0  libshutdown2.o(.ARM.Collect$$libshutdown$$00000009)
    .ARM.Collect$$libshutdown$$0000000B      0x00000166   Section        0  libshutdown2.o(.ARM.Collect$$libshutdown$$0000000B)
    .ARM.Collect$$libshutdown$$0000000E      0x00000166   Section        0  libshutdown2.o(.ARM.Collect$$libshutdown$$0000000E)
    .ARM.Collect$$libshutdown$$0000000F      0x00000166   Section        2  libshutdown2.o(.ARM.Collect$$libshutdown$$0000000F)
    .ARM.Collect$$rtentry$$00000000          0x00000168   Section        0  __rtentry.o(.ARM.Collect$$rtentry$$00000000)
    .ARM.Collect$$rtentry$$00000002          0x00000168   Section        0  __rtentry2.o(.ARM.Collect$$rtentry$$00000002)
    .ARM.Collect$$rtentry$$00000004          0x00000168   Section        6  __rtentry4.o(.ARM.Collect$$rtentry$$00000004)
    .ARM.Collect$$rtentry$$00000009          0x0000016e   Section        0  __rtentry2.o(.ARM.Collect$$rtentry$$00000009)
    .ARM.Collect$$rtentry$$0000000A          0x0000016e   Section        4  __rtentry2.o(.ARM.Collect$$rtentry$$0000000A)
    .ARM.Collect$$rtentry$$0000000C          0x00000172   Section        0  __rtentry2.o(.ARM.Collect$$rtentry$$0000000C)
    .ARM.Collect$$rtentry$$0000000D          0x00000172   Section        8  __rtentry2.o(.ARM.Collect$$rtentry$$0000000D)
    .ARM.Collect$$rtexit$$00000000           0x0000017a   Section        2  rtexit.o(.ARM.Collect$$rtexit$$00000000)
    .ARM.Collect$$rtexit$$00000002           0x0000017c   Section        0  rtexit2.o(.ARM.Collect$$rtexit$$00000002)
    .ARM.Collect$$rtexit$$00000003           0x0000017c   Section        4  rtexit2.o(.ARM.Collect$$rtexit$$00000003)
    .ARM.Collect$$rtexit$$00000004           0x00000180   Section        6  rtexit2.o(.ARM.Collect$$rtexit$$00000004)
    .emb_text                                0x00000188   Section       30  app_timer.o(.emb_text)
    .emb_text                                0x000001a8   Section       30  nrf6350.o(.emb_text)
    .emb_text                                0x000001c8   Section       30  simple_uart.o(.emb_text)
    .emb_text                                0x000001e8   Section       30  twi_hw_master.o(.emb_text)
    .emb_text                                0x00000208   Section       56  rt_memcpy.o(.emb_text)
    .text                                    0x00000240   Section        0  main.o(.text)
    scan_start                               0x0000027d   Thumb Code   278  main.o(.text)
    device_manager_event_handler             0x00000393   Thumb Code   532  main.o(.text)
    adv_report_parse                         0x000005a7   Thumb Code    52  main.o(.text)
    on_ble_evt                               0x000005db   Thumb Code  1164  main.o(.text)
    on_sys_evt                               0x00000a67   Thumb Code    42  main.o(.text)
    ble_evt_dispatch                         0x00000a91   Thumb Code    42  main.o(.text)
    sys_evt_dispatch                         0x00000abb   Thumb Code    18  main.o(.text)
    ble_stack_init                           0x00000acd   Thumb Code   108  main.o(.text)
    device_manager_init                      0x00000b39   Thumb Code   222  main.o(.text)
    leds_init                                0x00000c17   Thumb Code    22  main.o(.text)
    buttons_init                             0x00000c2d   Thumb Code    32  main.o(.text)
    power_manage                             0x00000c99   Thumb Code    32  main.o(.text)
    hrs_c_evt_handler                        0x00000cb9   Thumb Code   508  main.o(.text)
    bas_c_evt_handler                        0x00000eb5   Thumb Code   244  main.o(.text)
    hrs_c_init                               0x00000fa9   Thumb Code    42  main.o(.text)
    bas_c_init                               0x00000fd3   Thumb Code    42  main.o(.text)
    db_discovery_init                        0x00000ffd   Thumb Code    34  main.o(.text)
    nrf_gpio_cfg_output                      0x0000104f   Thumb Code    18  main.o(.text)
    nrf_gpio_pin_set                         0x00001061   Thumb Code    10  main.o(.text)
    nrf_gpio_pin_clear                       0x0000106b   Thumb Code    10  main.o(.text)
    .text                                    0x0000116c   Section        0  ble_bas_c.o(.text)
    tx_buffer_process                        0x0000116d   Thumb Code   140  ble_bas_c.o(.text)
    on_write_rsp                             0x000011f9   Thumb Code    12  ble_bas_c.o(.text)
    on_read_rsp                              0x00001205   Thumb Code    44  ble_bas_c.o(.text)
    on_hvx                                   0x00001231   Thumb Code    36  ble_bas_c.o(.text)
    db_discovery_evt_handler                 0x00001255   Thumb Code   142  ble_bas_c.o(.text)
    cccd_configure                           0x000012e3   Thumb Code    98  ble_bas_c.o(.text)
    .text                                    0x000014ec   Section        0  ble_hrs_c.o(.text)
    tx_buffer_process                        0x000014ed   Thumb Code   140  ble_hrs_c.o(.text)
    on_write_rsp                             0x00001579   Thumb Code    12  ble_hrs_c.o(.text)
    on_hvx                                   0x00001585   Thumb Code    84  ble_hrs_c.o(.text)
    db_discover_evt_handler                  0x000015d9   Thumb Code   134  ble_hrs_c.o(.text)
    cccd_configure                           0x000016e5   Thumb Code    98  ble_hrs_c.o(.text)
    .text                                    0x000017e8   Section        0  app_gpiote.o(.text)
    sense_level_toggle                       0x000017e9   Thumb Code   128  app_gpiote.o(.text)
    pins_sense_disable                       0x00001907   Thumb Code    98  app_gpiote.o(.text)
    NVIC_SetPriority                         0x00001bbf   Thumb Code   110  app_gpiote.o(.text)
    .text                                    0x00001c54   Section        0  app_timer.o(.text)
    NVIC_SetPriority                         0x00001c55   Thumb Code   110  app_timer.o(.text)
    rtc1_init                                0x00001cc3   Thumb Code    18  app_timer.o(.text)
    rtc1_start                               0x00001cd5   Thumb Code    48  app_timer.o(.text)
    rtc1_stop                                0x00001d05   Thumb Code    68  app_timer.o(.text)
    timer_list_insert                        0x00001d49   Thumb Code   212  app_timer.o(.text)
    timer_list_remove                        0x00001e1d   Thumb Code   170  app_timer.o(.text)
    timer_timeouts_check_sched               0x00001ec7   Thumb Code    10  app_timer.o(.text)
    timer_list_handler_sched                 0x00001ed1   Thumb Code    10  app_timer.o(.text)
    timeout_handler_exec                     0x00001edb   Thumb Code    60  app_timer.o(.text)
    timer_timeouts_check                     0x00001f17   Thumb Code   132  app_timer.o(.text)
    elapsed_ticks_acquire                    0x00001f9b   Thumb Code    82  app_timer.o(.text)
    list_deletions_handler                   0x00001fed   Thumb Code   260  app_timer.o(.text)
    expired_timers_handler                   0x000020f1   Thumb Code   100  app_timer.o(.text)
    list_insertions_handler                  0x00002155   Thumb Code   264  app_timer.o(.text)
    compare_reg_update                       0x0000225d   Thumb Code   124  app_timer.o(.text)
    timer_list_handler                       0x000022d9   Thumb Code    70  app_timer.o(.text)
    user_op_enque                            0x0000231f   Thumb Code     4  app_timer.o(.text)
    user_op_alloc                            0x00002323   Thumb Code    44  app_timer.o(.text)
    timer_start_op_schedule                  0x0000234f   Thumb Code    80  app_timer.o(.text)
    timer_stop_op_schedule                   0x0000239f   Thumb Code    58  app_timer.o(.text)
    timer_stop_all_op_schedule               0x000023d9   Thumb Code    58  app_timer.o(.text)
    user_id_get                              0x000025a3   Thumb Code    34  app_timer.o(.text)
    NVIC_EnableIRQ                           0x000026a1   Thumb Code    14  app_timer.o(.text)
    NVIC_SetPendingIRQ                       0x000026af   Thumb Code    14  app_timer.o(.text)
    NVIC_ClearPendingIRQ                     0x000026bd   Thumb Code    16  app_timer.o(.text)
    current_int_priority_get                 0x000026cd   Thumb Code    84  app_timer.o(.text)
    rtc1_counter_get                         0x00002721   Thumb Code     6  app_timer.o(.text)
    ticks_diff_get                           0x00002727   Thumb Code    10  app_timer.o(.text)
    .text                                    0x00002760   Section        0  app_trace.o(.text)
    .text                                    0x000027b8   Section        0  ble_db_discovery.o(.text)
    registered_handler_get                   0x000027b9   Thumb Code    56  ble_db_discovery.o(.text)
    registered_handler_set                   0x000027f1   Thumb Code    58  ble_db_discovery.o(.text)
    pending_user_evts_send                   0x0000282b   Thumb Code    42  ble_db_discovery.o(.text)
    discovery_error_evt_trigger              0x00002855   Thumb Code   124  ble_db_discovery.o(.text)
    discovery_complete_evt_trigger           0x000028d1   Thumb Code   152  ble_db_discovery.o(.text)
    on_srv_disc_completion                   0x00002969   Thumb Code   130  ble_db_discovery.o(.text)
    is_char_discovery_reqd                   0x000029eb   Thumb Code    30  ble_db_discovery.o(.text)
    is_desc_discovery_reqd                   0x00002a09   Thumb Code    84  ble_db_discovery.o(.text)
    characteristics_discover                 0x00002a5d   Thumb Code    80  ble_db_discovery.o(.text)
    descriptors_discover                     0x00002aad   Thumb Code   178  ble_db_discovery.o(.text)
    on_primary_srv_discovery_rsp             0x00002b5f   Thumb Code   114  ble_db_discovery.o(.text)
    on_characteristic_discovery_rsp          0x00002bd1   Thumb Code   290  ble_db_discovery.o(.text)
    on_descriptor_discovery_rsp              0x00002cf3   Thumb Code   192  ble_db_discovery.o(.text)
    .text                                    0x00002f38   Section        0  device_manager_central.o(.text)
    connection_instance_init                 0x00002f39   Thumb Code    50  device_manager_central.o(.text)
    peer_instance_init                       0x00002f6b   Thumb Code    76  device_manager_central.o(.text)
    connection_instance_find                 0x00002fb7   Thumb Code    64  device_manager_central.o(.text)
    device_instance_free                     0x00002ff7   Thumb Code    44  device_manager_central.o(.text)
    device_instance_find                     0x00003023   Thumb Code    54  device_manager_central.o(.text)
    storage_operation_dummy_handler          0x00003059   Thumb Code     8  device_manager_central.o(.text)
    device_context_store                     0x00003061   Thumb Code   172  device_manager_central.o(.text)
    gatts_context_store                      0x0000310d   Thumb Code   178  device_manager_central.o(.text)
    gattc_context_store                      0x000031bf   Thumb Code     6  device_manager_central.o(.text)
    gatts_context_load                       0x000031c5   Thumb Code    64  device_manager_central.o(.text)
    gattc_context_load                       0x00003205   Thumb Code     6  device_manager_central.o(.text)
    gatts_context_apply                      0x0000320b   Thumb Code   116  device_manager_central.o(.text)
    gattc_context_apply                      0x0000327f   Thumb Code     6  device_manager_central.o(.text)
    dm_pstorage_cb_handler                   0x0000331b   Thumb Code   596  device_manager_central.o(.text)
    update_status_bit_reset                  0x00004743   Thumb Code    16  device_manager_central.o(.text)
    device_instance_allocate                 0x00004753   Thumb Code   118  device_manager_central.o(.text)
    app_evt_notify                           0x000047c9   Thumb Code    22  device_manager_central.o(.text)
    no_service_context_store                 0x000047df   Thumb Code     6  device_manager_central.o(.text)
    gattsc_context_store                     0x000047e5   Thumb Code    30  device_manager_central.o(.text)
    no_service_context_load                  0x00004803   Thumb Code     6  device_manager_central.o(.text)
    gattsc_context_load                      0x00004809   Thumb Code    72  device_manager_central.o(.text)
    no_service_context_apply                 0x00004851   Thumb Code     6  device_manager_central.o(.text)
    gattsc_context_apply                     0x00004857   Thumb Code    26  device_manager_central.o(.text)
    .text                                    0x00004870   Section        0  nrf6350.o(.text)
    nrf6350_lcd_set_instruction              0x00004871   Thumb Code    32  nrf6350.o(.text)
    nrf6350_lcd_write_without_recovery       0x0000494f   Thumb Code   134  nrf6350.o(.text)
    .text                                    0x00004bbc   Section        0  pstorage.o(.text)
    cmd_queue_element_init                   0x00004bbd   Thumb Code    56  pstorage.o(.text)
    cmd_queue_init                           0x00004bf5   Thumb Code    40  pstorage.o(.text)
    swap_state_process                       0x00004c1d   Thumb Code   578  pstorage.o(.text)
    cmd_process                              0x00004e5f   Thumb Code   382  pstorage.o(.text)
    cmd_queue_enqueue                        0x00004fdd   Thumb Code   138  pstorage.o(.text)
    cmd_queue_dequeue                        0x00005067   Thumb Code    32  pstorage.o(.text)
    app_notify                               0x00005087   Thumb Code   100  pstorage.o(.text)
    is_word_aligned                          0x0000585b   Thumb Code    18  pstorage.o(.text)
    .text                                    0x00005878   Section        0  simple_uart.o(.text)
    nrf_gpio_cfg_output                      0x0000595f   Thumb Code    18  simple_uart.o(.text)
    nrf_gpio_cfg_input                       0x00005971   Thumb Code    20  simple_uart.o(.text)
    .text                                    0x00005994   Section        0  softdevice_handler.o(.text)
    .text                                    0x00005b50   Section        0  twi_hw_master.o(.text)
    twi_master_clear_bus                     0x00005b51   Thumb Code   216  twi_hw_master.o(.text)
    twi_master_write                         0x00005c83   Thumb Code   168  twi_hw_master.o(.text)
    twi_master_read                          0x00005d2b   Thumb Code   234  twi_hw_master.o(.text)
    .text                                    0x00005e80   Section       84  arm_startup_nrf51.o(.text)
    .text                                    0x00005ed4   Section        0  system_nrf51.o(.text)
    is_disabled_in_debug_needed              0x00005edd   Thumb Code    52  system_nrf51.o(.text)
    is_manual_peripheral_setup_needed        0x00005f11   Thumb Code   104  system_nrf51.o(.text)
    .text                                    0x00005fbc   Section        0  noretval__2printf.o(.text)
    .text                                    0x00005fd8   Section        0  noretval__2sprintf.o(.text)
    .text                                    0x00006000   Section        0  _printf_pad.o(.text)
    .text                                    0x0000604e   Section        0  _printf_str.o(.text)
    .text                                    0x000060a0   Section        0  _printf_dec.o(.text)
    .text                                    0x0000610c   Section        0  _printf_hex_int.o(.text)
    .text                                    0x00006164   Section        0  __printf_flags_wp.o(.text)
    .text                                    0x0000629c   Section        0  memcmp.o(.text)
    .text                                    0x000062f8   Section        0  strlen.o(.text)
    .text                                    0x0000633c   Section        0  rt_memcpy.o(.text)
    .text                                    0x000063be   Section        0  rt_memclr.o(.text)
    .text                                    0x000063fe   Section      346  aeabi_sdiv.o(.text)
    .text                                    0x00006558   Section        0  heapauxi.o(.text)
    .text                                    0x0000655e   Section        0  _printf_intcommon.o(.text)
    .text                                    0x00006610   Section        0  _printf_char_common.o(.text)
    _printf_input_char                       0x00006611   Thumb Code    10  _printf_char_common.o(.text)
    .text                                    0x00006640   Section        0  _sputc.o(.text)
    .text                                    0x0000664a   Section        0  _printf_char.o(.text)
    .text                                    0x00006678   Section        0  _printf_char_file.o(.text)
    .text                                    0x000066a0   Section        0  rtudiv10.o(.text)
    .text                                    0x000066c8   Section        0  ferror.o(.text)
    .text                                    0x000066d0   Section       62  sys_stackheap_outer.o(.text)
    .text                                    0x0000670e   Section        0  exit.o(.text)
    .text                                    0x0000671c   Section        8  libspace.o(.text)
    .text                                    0x00006724   Section        0  sys_exit.o(.text)
    .text                                    0x00006730   Section        2  use_no_semi.o(.text)
    .text                                    0x00006732   Section        0  indicate_semi.o(.text)
    i.__ARM_common_switch8                   0x00006732   Section        0  pstorage.o(i.__ARM_common_switch8)
    i._is_digit                              0x0000674e   Section        0  __printf_wp.o(i._is_digit)
    .constdata                               0x0000675c   Section        8  main.o(.constdata)
    m_connection_param                       0x0000675c   Data           8  main.o(.constdata)
    .constdata                               0x00006764   Section       52  device_manager_central.o(.constdata)
    .constdata                               0x00006798   Section       40  _printf_hex_int.o(.constdata)
    uc_hextab                                0x00006798   Data          20  _printf_hex_int.o(.constdata)
    lc_hextab                                0x000067ac   Data          20  _printf_hex_int.o(.constdata)
    .constdata                               0x000067c0   Section       17  __printf_flags_wp.o(.constdata)
    maptable                                 0x000067c0   Data          17  __printf_flags_wp.o(.constdata)
    .conststring                             0x000067d4   Section       65  main.o(.conststring)
    .conststring                             0x00006818   Section      162  ble_bas_c.o(.conststring)
    .conststring                             0x000068bc   Section      162  ble_hrs_c.o(.conststring)
    .conststring                             0x00006960   Section      263  ble_db_discovery.o(.conststring)
    .data                                    0x20000000   Section        8  main.o(.data)
    m_dm_app_id                              0x20000000   Data           1  main.o(.data)
    m_dm_device_handle                       0x20000001   Data           4  main.o(.data)
    m_peer_count                             0x20000005   Data           1  main.o(.data)
    m_scan_mode                              0x20000006   Data           1  main.o(.data)
    m_memory_access_in_progress              0x20000007   Data           1  main.o(.data)
    .data                                    0x20000008   Section       12  ble_bas_c.o(.data)
    mp_ble_bas_c                             0x20000008   Data           4  ble_bas_c.o(.data)
    m_tx_insert_index                        0x2000000c   Data           4  ble_bas_c.o(.data)
    m_tx_index                               0x20000010   Data           4  ble_bas_c.o(.data)
    .data                                    0x20000014   Section       12  ble_hrs_c.o(.data)
    mp_ble_hrs_c                             0x20000014   Data           4  ble_hrs_c.o(.data)
    m_tx_insert_index                        0x20000018   Data           4  ble_hrs_c.o(.data)
    m_tx_index                               0x2000001c   Data           4  ble_hrs_c.o(.data)
    .data                                    0x20000020   Section       12  app_gpiote.o(.data)
    m_enabled_users_mask                     0x20000020   Data           4  app_gpiote.o(.data)
    m_user_array_size                        0x20000024   Data           1  app_gpiote.o(.data)
    m_user_count                             0x20000025   Data           1  app_gpiote.o(.data)
    mp_users                                 0x20000028   Data           4  app_gpiote.o(.data)
    .data                                    0x2000002c   Section       41  app_timer.o(.data)
    m_node_array_size                        0x2000002c   Data           1  app_timer.o(.data)
    mp_nodes                                 0x20000030   Data           4  app_timer.o(.data)
    m_user_array_size                        0x20000034   Data           1  app_timer.o(.data)
    mp_users                                 0x20000038   Data           4  app_timer.o(.data)
    m_timer_id_head                          0x2000003c   Data           4  app_timer.o(.data)
    m_ticks_latest                           0x20000040   Data           4  app_timer.o(.data)
    m_ticks_elapsed                          0x20000044   Data           8  app_timer.o(.data)
    m_ticks_elapsed_q_read_ind               0x2000004c   Data           1  app_timer.o(.data)
    m_ticks_elapsed_q_write_ind              0x2000004d   Data           1  app_timer.o(.data)
    m_evt_schedule_func                      0x20000050   Data           4  app_timer.o(.data)
    m_rtc1_running                           0x20000054   Data           1  app_timer.o(.data)
    .data                                    0x20000058   Section        8  app_trace.o(.data)
    .data                                    0x20000060   Section       13  ble_db_discovery.o(.data)
    m_pending_usr_evt_index                  0x20000060   Data           4  ble_db_discovery.o(.data)
    m_num_of_handlers_reg                    0x20000064   Data           4  ble_db_discovery.o(.data)
    m_num_of_discoveries_made                0x20000068   Data           4  ble_db_discovery.o(.data)
    m_initialized                            0x2000006c   Data           1  ble_db_discovery.o(.data)
    .data                                    0x20000070   Section       13  device_manager_central.o(.data)
    m_storage_handle                         0x20000070   Data           8  device_manager_central.o(.data)
    m_peer_addr_update                       0x20000078   Data           4  device_manager_central.o(.data)
    m_module_initialized                     0x2000007c   Data           1  device_manager_central.o(.data)
    .data                                    0x2000007d   Section       18  nrf6350.o(.data)
    empty_str                                0x2000007d   Data          18  nrf6350.o(.data)
    .data                                    0x20000090   Section       12  pstorage.o(.data)
    m_next_app_instance                      0x20000090   Data           2  pstorage.o(.data)
    m_next_page_addr                         0x20000094   Data           4  pstorage.o(.data)
    m_round_val                              0x20000098   Data           2  pstorage.o(.data)
    m_module_initialized                     0x2000009a   Data           1  pstorage.o(.data)
    m_swap_state                             0x2000009b   Data           1  pstorage.o(.data)
    .data                                    0x2000009c   Section       20  softdevice_handler.o(.data)
    m_evt_schedule_func                      0x2000009c   Data           4  softdevice_handler.o(.data)
    m_evt_buffer                             0x200000a0   Data           4  softdevice_handler.o(.data)
    m_ble_evt_buffer_size                    0x200000a4   Data           2  softdevice_handler.o(.data)
    m_softdevice_enabled                     0x200000a6   Data           1  softdevice_handler.o(.data)
    m_ble_evt_handler                        0x200000a8   Data           4  softdevice_handler.o(.data)
    m_sys_evt_handler                        0x200000ac   Data           4  softdevice_handler.o(.data)
    .data                                    0x200000b0   Section        4  system_nrf51.o(.data)
    __tagsym$$used                           0x200000b0   Number         0  system_nrf51.o(.data)
    .bss                                     0x200000b4   Section      212  main.o(.bss)
    m_ble_db_discovery                       0x200000b4   Data          98  main.o(.bss)
    m_ble_hrs_c                              0x20000118   Data          12  main.o(.bss)
    m_ble_bas_c                              0x20000124   Data          12  main.o(.bss)
    m_scan_param                             0x20000130   Data          16  main.o(.bss)
    EVT_BUFFER                               0x20000140   Data          72  main.o(.bss)
    .bss                                     0x20000188   Section      160  ble_bas_c.o(.bss)
    m_tx_buffer                              0x20000188   Data         160  ble_bas_c.o(.bss)
    .bss                                     0x20000228   Section      160  ble_hrs_c.o(.bss)
    m_tx_buffer                              0x20000228   Data         160  ble_hrs_c.o(.bss)
    .bss                                     0x200002c8   Section      128  ble_db_discovery.o(.bss)
    m_registered_handlers                    0x200002c8   Data          16  ble_db_discovery.o(.bss)
    m_pending_user_evts                      0x200002d8   Data         112  ble_db_discovery.o(.bss)
    .bss                                     0x20000348   Section      283  device_manager_central.o(.bss)
    m_app_context_table                      0x20000348   Data          28  device_manager_central.o(.bss)
    m_peer_table                             0x20000364   Data         168  device_manager_central.o(.bss)
    m_bond_table                             0x2000040c   Data          28  device_manager_central.o(.bss)
    m_gatts_table                            0x20000428   Data          12  device_manager_central.o(.bss)
    m_connection_table                       0x20000434   Data          12  device_manager_central.o(.bss)
    m_application_table                      0x20000440   Data          12  device_manager_central.o(.bss)
    m_local_id_info                          0x2000044c   Data          23  device_manager_central.o(.bss)
    .bss                                     0x20000463   Section       32  nrf6350.o(.bss)
    data_buffer                              0x20000463   Data          32  nrf6350.o(.bss)
    .bss                                     0x20000484   Section      220  pstorage.o(.bss)
    m_cmd_queue                              0x20000484   Data         204  pstorage.o(.bss)
    m_app_table                              0x20000550   Data          16  pstorage.o(.bss)
    .bss                                     0x20000560   Section       96  libspace.o(.bss)
    HEAP                                     0x200005c0   Section     2048  arm_startup_nrf51.o(HEAP)
    Heap_Mem                                 0x200005c0   Data        2048  arm_startup_nrf51.o(HEAP)
    STACK                                    0x20000dc0   Section     2048  arm_startup_nrf51.o(STACK)
    Stack_Mem                                0x20000dc0   Data        2048  arm_startup_nrf51.o(STACK)
    __initial_sp                             0x200015c0   Data           0  arm_startup_nrf51.o(STACK)

    Global Symbols

    Symbol Name                              Value     Ov Type        Size  Object(Section)

    BuildAttributes$$THM_ISAv3M$S$PE$A:L22$X:L11$S22$IEEE1$IW$USESV6$~STKCKD$USESV7$~SHL$OSPACE$ROPI$EBA8$UX$STANDARDLIB$REQ8$PRES8$EABIv2 0x00000000   Number         0  anon$$obj.o ABSOLUTE
    __ARM_use_no_argv                        0x00000000   Number         0  main.o ABSOLUTE
    __Vectors                                0x00000000   Data           4  arm_startup_nrf51.o(RESET)
    _printf_flags                            0x00000000   Number         0  printf_stubs.o ABSOLUTE
    _printf_return_value                     0x00000000   Number         0  printf_stubs.o ABSOLUTE
    _printf_sizespec                         0x00000000   Number         0  printf_stubs.o ABSOLUTE
    _printf_widthprec                        0x00000000   Number         0  printf_stubs.o ABSOLUTE
    __ARM_exceptions_init                     - Undefined Weak Reference
    __alloca_initialize                       - Undefined Weak Reference
    __arm_preinit_                            - Undefined Weak Reference
    __cpp_initialize__aeabi_                  - Undefined Weak Reference
    __cxa_finalize                            - Undefined Weak Reference
    __rt_locale                               - Undefined Weak Reference
    __sigvec_lookup                           - Undefined Weak Reference
    _atexit_init                              - Undefined Weak Reference
    _call_atexit_fns                          - Undefined Weak Reference
    _clock_init                               - Undefined Weak Reference
    _fp_trap_init                             - Undefined Weak Reference
    _fp_trap_shutdown                         - Undefined Weak Reference
    _get_lc_collate                           - Undefined Weak Reference
    _get_lc_ctype                             - Undefined Weak Reference
    _get_lc_monetary                          - Undefined Weak Reference
    _get_lc_numeric                           - Undefined Weak Reference
    _get_lc_time                              - Undefined Weak Reference
    _getenv_init                              - Undefined Weak Reference
    _handle_redirection                       - Undefined Weak Reference
    _init_alloc                               - Undefined Weak Reference
    _init_user_alloc                          - Undefined Weak Reference
    _initio                                   - Undefined Weak Reference
    _mutex_acquire                            - Undefined Weak Reference
    _mutex_release                            - Undefined Weak Reference
    _printf_mbtowc                            - Undefined Weak Reference
    _printf_truncate_signed                   - Undefined Weak Reference
    _printf_truncate_unsigned                 - Undefined Weak Reference
    _rand_init                                - Undefined Weak Reference
    _signal_finish                            - Undefined Weak Reference
    _signal_init                              - Undefined Weak Reference
    _terminate_alloc                          - Undefined Weak Reference
    _terminate_user_alloc                     - Undefined Weak Reference
    _terminateio                              - Undefined Weak Reference
    __Vectors_End                            0x000000c0   Data           0  arm_startup_nrf51.o(RESET)
    __Vectors_Size                           0x000000c0   Number         0  arm_startup_nrf51.o ABSOLUTE
    __main                                   0x000000c1   Thumb Code     8  __main.o(!!!main)
    __scatterload                            0x000000c9   Thumb Code     0  __scatter.o(!!!scatter)
    __scatterload_rt2                        0x000000c9   Thumb Code    52  __scatter.o(!!!scatter)
    __scatterload_rt2_thumb_only             0x000000c9   Thumb Code     0  __scatter.o(!!!scatter)
    __scatterload_null                       0x000000d9   Thumb Code     0  __scatter.o(!!!scatter)
    __scatterload_copy                       0x00000105   Thumb Code    26  __scatter_copy.o(!!handler_copy)
    __scatterload_zeroinit                   0x00000121   Thumb Code    28  __scatter_zi.o(!!handler_zi)
    _printf_percent                          0x0000013d   Thumb Code     0  _printf_percent.o(.ARM.Collect$$_printf_percent$$00000000)
    _printf_d                                0x0000013f   Thumb Code     0  _printf_d.o(.ARM.Collect$$_printf_percent$$00000009)
    _printf_x                                0x00000149   Thumb Code     0  _printf_x.o(.ARM.Collect$$_printf_percent$$0000000C)
    _printf_s                                0x00000153   Thumb Code     0  _printf_s.o(.ARM.Collect$$_printf_percent$$00000014)
    _printf_percent_end                      0x0000015d   Thumb Code     0  _printf_percent_end.o(.ARM.Collect$$_printf_percent$$00000017)
    __rt_lib_init                            0x00000161   Thumb Code     0  libinit.o(.ARM.Collect$$libinit$$00000000)
    __rt_lib_init_alloca_1                   0x00000163   Thumb Code     0  libinit2.o(.ARM.Collect$$libinit$$0000002E)
    __rt_lib_init_argv_1                     0x00000163   Thumb Code     0  libinit2.o(.ARM.Collect$$libinit$$0000002C)
    __rt_lib_init_atexit_1                   0x00000163   Thumb Code     0  libinit2.o(.ARM.Collect$$libinit$$0000001B)
    __rt_lib_init_clock_1                    0x00000163   Thumb Code     0  libinit2.o(.ARM.Collect$$libinit$$00000021)
    __rt_lib_init_cpp_1                      0x00000163   Thumb Code     0  libinit2.o(.ARM.Collect$$libinit$$00000032)
    __rt_lib_init_exceptions_1               0x00000163   Thumb Code     0  libinit2.o(.ARM.Collect$$libinit$$00000030)
    __rt_lib_init_fp_1                       0x00000163   Thumb Code     0  libinit2.o(.ARM.Collect$$libinit$$00000002)
    __rt_lib_init_fp_trap_1                  0x00000163   Thumb Code     0  libinit2.o(.ARM.Collect$$libinit$$0000001F)
    __rt_lib_init_getenv_1                   0x00000163   Thumb Code     0  libinit2.o(.ARM.Collect$$libinit$$00000023)
    __rt_lib_init_heap_1                     0x00000163   Thumb Code     0  libinit2.o(.ARM.Collect$$libinit$$0000000A)
    __rt_lib_init_lc_collate_1               0x00000163   Thumb Code     0  libinit2.o(.ARM.Collect$$libinit$$00000011)
    __rt_lib_init_lc_ctype_1                 0x00000163   Thumb Code     0  libinit2.o(.ARM.Collect$$libinit$$00000013)
    __rt_lib_init_lc_monetary_1              0x00000163   Thumb Code     0  libinit2.o(.ARM.Collect$$libinit$$00000015)
    __rt_lib_init_lc_numeric_1               0x00000163   Thumb Code     0  libinit2.o(.ARM.Collect$$libinit$$00000017)
    __rt_lib_init_lc_time_1                  0x00000163   Thumb Code     0  libinit2.o(.ARM.Collect$$libinit$$00000019)
    __rt_lib_init_preinit_1                  0x00000163   Thumb Code     0  libinit2.o(.ARM.Collect$$libinit$$00000004)
    __rt_lib_init_rand_1                     0x00000163   Thumb Code     0  libinit2.o(.ARM.Collect$$libinit$$0000000E)
    __rt_lib_init_return                     0x00000163   Thumb Code     0  libinit2.o(.ARM.Collect$$libinit$$00000033)
    __rt_lib_init_signal_1                   0x00000163   Thumb Code     0  libinit2.o(.ARM.Collect$$libinit$$0000001D)
    __rt_lib_init_stdio_1                    0x00000163   Thumb Code     0  libinit2.o(.ARM.Collect$$libinit$$00000025)
    __rt_lib_init_user_alloc_1               0x00000163   Thumb Code     0  libinit2.o(.ARM.Collect$$libinit$$0000000C)
    __rt_lib_shutdown                        0x00000165   Thumb Code     0  libshutdown.o(.ARM.Collect$$libshutdown$$00000000)
    __rt_lib_shutdown_fp_trap_1              0x00000167   Thumb Code     0  libshutdown2.o(.ARM.Collect$$libshutdown$$00000006)
    __rt_lib_shutdown_heap_1                 0x00000167   Thumb Code     0  libshutdown2.o(.ARM.Collect$$libshutdown$$0000000E)
    __rt_lib_shutdown_return                 0x00000167   Thumb Code     0  libshutdown2.o(.ARM.Collect$$libshutdown$$0000000F)
    __rt_lib_shutdown_signal_1               0x00000167   Thumb Code     0  libshutdown2.o(.ARM.Collect$$libshutdown$$00000009)
    __rt_lib_shutdown_stdio_1                0x00000167   Thumb Code     0  libshutdown2.o(.ARM.Collect$$libshutdown$$00000003)
    __rt_lib_shutdown_user_alloc_1           0x00000167   Thumb Code     0  libshutdown2.o(.ARM.Collect$$libshutdown$$0000000B)
    __rt_entry                               0x00000169   Thumb Code     0  __rtentry.o(.ARM.Collect$$rtentry$$00000000)
    __rt_entry_presh_1                       0x00000169   Thumb Code     0  __rtentry2.o(.ARM.Collect$$rtentry$$00000002)
    __rt_entry_sh                            0x00000169   Thumb Code     0  __rtentry4.o(.ARM.Collect$$rtentry$$00000004)
    __rt_entry_li                            0x0000016f   Thumb Code     0  __rtentry2.o(.ARM.Collect$$rtentry$$0000000A)
    __rt_entry_postsh_1                      0x0000016f   Thumb Code     0  __rtentry2.o(.ARM.Collect$$rtentry$$00000009)
    __rt_entry_main                          0x00000173   Thumb Code     0  __rtentry2.o(.ARM.Collect$$rtentry$$0000000D)
    __rt_entry_postli_1                      0x00000173   Thumb Code     0  __rtentry2.o(.ARM.Collect$$rtentry$$0000000C)
    __rt_exit                                0x0000017b   Thumb Code     0  rtexit.o(.ARM.Collect$$rtexit$$00000000)
    __rt_exit_ls                             0x0000017d   Thumb Code     0  rtexit2.o(.ARM.Collect$$rtexit$$00000003)
    __rt_exit_prels_1                        0x0000017d   Thumb Code     0  rtexit2.o(.ARM.Collect$$rtexit$$00000002)
    __rt_exit_exit                           0x00000181   Thumb Code     0  rtexit2.o(.ARM.Collect$$rtexit$$00000004)
    __asm___11_app_timer_c_cd27f9c3__nrf_delay_us 0x00000189   Thumb Code    30  app_timer.o(.emb_text)
    __asm___9_nrf6350_c_83f50147__nrf_delay_us 0x000001a9   Thumb Code    30  nrf6350.o(.emb_text)
    __asm___13_simple_uart_c_5dda6715__nrf_delay_us 0x000001c9   Thumb Code    30  simple_uart.o(.emb_text)
    __asm___15_twi_hw_master_c_959ec897__nrf_delay_us 0x000001e9   Thumb Code    30  twi_hw_master.o(.emb_text)
    __aeabi_memcpy4                          0x00000209   Thumb Code    56  rt_memcpy.o(.emb_text)
    __aeabi_memcpy8                          0x00000209   Thumb Code     0  rt_memcpy.o(.emb_text)
    app_error_handler                        0x00000241   Thumb Code    46  main.o(.text)
    assert_nrf_callback                      0x0000026f   Thumb Code    14  main.o(.text)
    nrf6350_init                             0x00000c4d   Thumb Code    76  main.o(.text)
    main                                     0x0000101f   Thumb Code    48  main.o(.text)
    ble_bas_c_init                           0x00001345   Thumb Code    74  ble_bas_c.o(.text)
    ble_bas_c_on_ble_evt                     0x0000138f   Thumb Code    80  ble_bas_c.o(.text)
    ble_bas_c_bl_notif_enable                0x000013df   Thumb Code    24  ble_bas_c.o(.text)
    ble_bas_c_bl_read                        0x000013f7   Thumb Code    58  ble_bas_c.o(.text)
    ble_hrs_c_init                           0x0000165f   Thumb Code    68  ble_hrs_c.o(.text)
    ble_hrs_c_on_ble_evt                     0x000016a3   Thumb Code    66  ble_hrs_c.o(.text)
    ble_hrs_c_hrm_notif_enable               0x00001747   Thumb Code    24  ble_hrs_c.o(.text)
    GPIOTE_IRQHandler                        0x00001869   Thumb Code   158  app_gpiote.o(.text)
    app_gpiote_init                          0x00001969   Thumb Code   116  app_gpiote.o(.text)
    app_gpiote_user_register                 0x000019dd   Thumb Code   138  app_gpiote.o(.text)
    app_gpiote_user_enable                   0x00001a67   Thumb Code   226  app_gpiote.o(.text)
    app_gpiote_user_disable                  0x00001b49   Thumb Code    66  app_gpiote.o(.text)
    app_gpiote_pins_state_get                0x00001b8b   Thumb Code    52  app_gpiote.o(.text)
    RTC1_IRQHandler                          0x00002413   Thumb Code    34  app_timer.o(.text)
    SWI0_IRQHandler                          0x00002435   Thumb Code     8  app_timer.o(.text)
    app_timer_init                           0x0000243d   Thumb Code   250  app_timer.o(.text)
    app_timer_create                         0x00002537   Thumb Code   108  app_timer.o(.text)
    app_timer_start                          0x000025c5   Thumb Code    98  app_timer.o(.text)
    app_timer_stop                           0x00002627   Thumb Code    60  app_timer.o(.text)
    app_timer_stop_all                       0x00002663   Thumb Code    26  app_timer.o(.text)
    app_timer_cnt_get                        0x0000267d   Thumb Code    14  app_timer.o(.text)
    app_timer_cnt_diff_compute               0x0000268b   Thumb Code    22  app_timer.o(.text)
    app_trace_init                           0x00002761   Thumb Code    20  app_trace.o(.text)
    fputc                                    0x00002775   Thumb Code    16  app_trace.o(.text)
    app_trace_dump                           0x00002785   Thumb Code    38  app_trace.o(.text)
    ble_db_discovery_init                    0x00002db3   Thumb Code    24  ble_db_discovery.o(.text)
    ble_db_discovery_close                   0x00002dcb   Thumb Code    20  ble_db_discovery.o(.text)
    ble_db_discovery_evt_register            0x00002ddf   Thumb Code    52  ble_db_discovery.o(.text)
    ble_db_discovery_start                   0x00002e13   Thumb Code   140  ble_db_discovery.o(.text)
    ble_db_discovery_on_ble_evt              0x00002e9f   Thumb Code   118  ble_db_discovery.o(.text)
    initiate_security_request                0x00003285   Thumb Code   124  device_manager_central.o(.text)
    dm_handle_initialize                     0x00003301   Thumb Code    26  device_manager_central.o(.text)
    dm_init                                  0x0000356f   Thumb Code   226  device_manager_central.o(.text)
    dm_register                              0x00003651   Thumb Code    98  device_manager_central.o(.text)
    dm_security_setup_req                    0x000036b3   Thumb Code   424  device_manager_central.o(.text)
    dm_security_status_req                   0x0000385b   Thumb Code   178  device_manager_central.o(.text)
    dm_whitelist_create                      0x0000390d   Thumb Code   256  device_manager_central.o(.text)
    dm_device_add                            0x00003a0d   Thumb Code     8  device_manager_central.o(.text)
    dm_device_delete                         0x00003a15   Thumb Code   102  device_manager_central.o(.text)
    dm_device_delete_all                     0x00003a7b   Thumb Code    96  device_manager_central.o(.text)
    dm_service_context_set                   0x00003adb   Thumb Code   242  device_manager_central.o(.text)
    dm_service_context_get                   0x00003bcd   Thumb Code   204  device_manager_central.o(.text)
    dm_service_context_delete                0x00003c99   Thumb Code    94  device_manager_central.o(.text)
    dm_application_context_set               0x00003cf7   Thumb Code   218  device_manager_central.o(.text)
    dm_application_context_get               0x00003dd1   Thumb Code   204  device_manager_central.o(.text)
    dm_application_context_delete            0x00003e9d   Thumb Code   158  device_manager_central.o(.text)
    dm_application_instance_set              0x00003f3b   Thumb Code    74  device_manager_central.o(.text)
    dm_peer_addr_set                         0x00003f85   Thumb Code   220  device_manager_central.o(.text)
    dm_peer_addr_get                         0x00004061   Thumb Code   180  device_manager_central.o(.text)
    dm_distributed_keys_get                  0x00004115   Thumb Code   206  device_manager_central.o(.text)
    dm_ble_evt_handler                       0x000041e3   Thumb Code  1376  device_manager_central.o(.text)
    nrf6350_lcd_clear                        0x00004891   Thumb Code    96  nrf6350.o(.text)
    nrf6350_lcd_set_contrast                 0x000048f1   Thumb Code    34  nrf6350.o(.text)
    nrf6350_lcd_on                           0x00004913   Thumb Code    30  nrf6350.o(.text)
    nrf6350_lcd_off                          0x00004931   Thumb Code    30  nrf6350.o(.text)
    nrf6350_lcd_wake_up                      0x000049d5   Thumb Code    44  nrf6350.o(.text)
    nrf6350_lcd_init                         0x00004a01   Thumb Code   122  nrf6350.o(.text)
    nrf6350_lcd_write_string                 0x00004a7b   Thumb Code   142  nrf6350.o(.text)
    nrf6350_js_get_value                     0x00004b09   Thumb Code   102  nrf6350.o(.text)
    nrf6350_js_get_status                    0x00004b6f   Thumb Code    46  nrf6350.o(.text)
    pstorage_sys_event_handler               0x000050eb   Thumb Code   326  pstorage.o(.text)
    pstorage_init                            0x00005231   Thumb Code   196  pstorage.o(.text)
    pstorage_register                        0x000052f5   Thumb Code   396  pstorage.o(.text)
    pstorage_block_identifier_get            0x00005481   Thumb Code   136  pstorage.o(.text)
    pstorage_store                           0x00005509   Thumb Code   202  pstorage.o(.text)
    pstorage_update                          0x000055d3   Thumb Code   202  pstorage.o(.text)
    pstorage_load                            0x0000569d   Thumb Code   226  pstorage.o(.text)
    pstorage_clear                           0x0000577f   Thumb Code   184  pstorage.o(.text)
    pstorage_access_status_get               0x00005837   Thumb Code    36  pstorage.o(.text)
    simple_uart_get                          0x00005879   Thumb Code    24  simple_uart.o(.text)
    simple_uart_get_with_timeout             0x00005891   Thumb Code    62  simple_uart.o(.text)
    simple_uart_put                          0x000058cf   Thumb Code    22  simple_uart.o(.text)
    simple_uart_putstring                    0x000058e5   Thumb Code    32  simple_uart.o(.text)
    simple_uart_config                       0x00005905   Thumb Code    90  simple_uart.o(.text)
    softdevice_assertion_handler             0x00005995   Thumb Code    18  softdevice_handler.o(.text)
    intern_softdevice_events_execute         0x000059a7   Thumb Code   168  softdevice_handler.o(.text)
    softdevice_handler_init                  0x00005a4f   Thumb Code    84  softdevice_handler.o(.text)
    softdevice_handler_sd_disable            0x00005aa3   Thumb Code    24  softdevice_handler.o(.text)
    softdevice_ble_evt_handler_set           0x00005abb   Thumb Code    18  softdevice_handler.o(.text)
    softdevice_sys_evt_handler_set           0x00005acd   Thumb Code    18  softdevice_handler.o(.text)
    SWI2_IRQHandler                          0x00005adf   Thumb Code    52  softdevice_handler.o(.text)
    twi_master_init                          0x00005c29   Thumb Code    90  twi_hw_master.o(.text)
    twi_master_transfer                      0x00005e15   Thumb Code    72  twi_hw_master.o(.text)
    Reset_Handler                            0x00005e81   Thumb Code    26  arm_startup_nrf51.o(.text)
    NMI_Handler                              0x00005e9b   Thumb Code     2  arm_startup_nrf51.o(.text)
    HardFault_Handler                        0x00005e9d   Thumb Code     2  arm_startup_nrf51.o(.text)
    SVC_Handler                              0x00005e9f   Thumb Code     2  arm_startup_nrf51.o(.text)
    PendSV_Handler                           0x00005ea1   Thumb Code     2  arm_startup_nrf51.o(.text)
    SysTick_Handler                          0x00005ea3   Thumb Code     2  arm_startup_nrf51.o(.text)
    ADC_IRQHandler                           0x00005ea5   Thumb Code     0  arm_startup_nrf51.o(.text)
    CCM_AAR_IRQHandler                       0x00005ea5   Thumb Code     0  arm_startup_nrf51.o(.text)
    ECB_IRQHandler                           0x00005ea5   Thumb Code     0  arm_startup_nrf51.o(.text)
    LPCOMP_IRQHandler                        0x00005ea5   Thumb Code     0  arm_startup_nrf51.o(.text)
    POWER_CLOCK_IRQHandler                   0x00005ea5   Thumb Code     0  arm_startup_nrf51.o(.text)
    QDEC_IRQHandler                          0x00005ea5   Thumb Code     0  arm_startup_nrf51.o(.text)
    RADIO_IRQHandler                         0x00005ea5   Thumb Code     0  arm_startup_nrf51.o(.text)
    RNG_IRQHandler                           0x00005ea5   Thumb Code     0  arm_startup_nrf51.o(.text)
    RTC0_IRQHandler                          0x00005ea5   Thumb Code     0  arm_startup_nrf51.o(.text)
    SPI0_TWI0_IRQHandler                     0x00005ea5   Thumb Code     0  arm_startup_nrf51.o(.text)
    SPI1_TWI1_IRQHandler                     0x00005ea5   Thumb Code     0  arm_startup_nrf51.o(.text)
    SWI1_IRQHandler                          0x00005ea5   Thumb Code     0  arm_startup_nrf51.o(.text)
    SWI3_IRQHandler                          0x00005ea5   Thumb Code     0  arm_startup_nrf51.o(.text)
    SWI4_IRQHandler                          0x00005ea5   Thumb Code     0  arm_startup_nrf51.o(.text)
    SWI5_IRQHandler                          0x00005ea5   Thumb Code     0  arm_startup_nrf51.o(.text)
    TEMP_IRQHandler                          0x00005ea5   Thumb Code     0  arm_startup_nrf51.o(.text)
    TIMER0_IRQHandler                        0x00005ea5   Thumb Code     0  arm_startup_nrf51.o(.text)
    TIMER1_IRQHandler                        0x00005ea5   Thumb Code     0  arm_startup_nrf51.o(.text)
    TIMER2_IRQHandler                        0x00005ea5   Thumb Code     0  arm_startup_nrf51.o(.text)
    UART0_IRQHandler                         0x00005ea5   Thumb Code     0  arm_startup_nrf51.o(.text)
    WDT_IRQHandler                           0x00005ea5   Thumb Code     0  arm_startup_nrf51.o(.text)
    __user_initial_stackheap                 0x00005ea9   Thumb Code     0  arm_startup_nrf51.o(.text)
    SystemCoreClockUpdate                    0x00005ed5   Thumb Code     8  system_nrf51.o(.text)
    SystemInit                               0x00005f79   Thumb Code    38  system_nrf51.o(.text)
    __2printf                                0x00005fbd   Thumb Code    22  noretval__2printf.o(.text)
    __2sprintf                               0x00005fd9   Thumb Code    36  noretval__2sprintf.o(.text)
    _printf_pre_padding                      0x00006001   Thumb Code    44  _printf_pad.o(.text)
    _printf_post_padding                     0x0000602d   Thumb Code    34  _printf_pad.o(.text)
    _printf_str                              0x0000604f   Thumb Code    82  _printf_str.o(.text)
    _printf_int_dec                          0x000060a1   Thumb Code    90  _printf_dec.o(.text)
    _printf_int_hex                          0x0000610d   Thumb Code    84  _printf_hex_int.o(.text)
    _printf_longlong_hex                     0x0000610d   Thumb Code     0  _printf_hex_int.o(.text)
    __printf                                 0x00006165   Thumb Code   306  __printf_flags_wp.o(.text)
    memcmp                                   0x0000629d   Thumb Code    90  memcmp.o(.text)
    strlen                                   0x000062f9   Thumb Code    62  strlen.o(.text)
    __aeabi_memcpy                           0x0000633d   Thumb Code   130  rt_memcpy.o(.text)
    __rt_memcpy                              0x0000633d   Thumb Code     0  rt_memcpy.o(.text)
    _memset_w                                0x000063bf   Thumb Code    26  rt_memclr.o(.text)
    _memset                                  0x000063d9   Thumb Code    30  rt_memclr.o(.text)
    __aeabi_memclr                           0x000063f7   Thumb Code     4  rt_memclr.o(.text)
    __rt_memclr                              0x000063f7   Thumb Code     0  rt_memclr.o(.text)
    __aeabi_memclr4                          0x000063fb   Thumb Code     0  rt_memclr.o(.text)
    __aeabi_memclr8                          0x000063fb   Thumb Code     0  rt_memclr.o(.text)
    __rt_memclr_w                            0x000063fb   Thumb Code     4  rt_memclr.o(.text)
    __aeabi_uidiv                            0x000063ff   Thumb Code     0  aeabi_sdiv.o(.text)
    __aeabi_uidivmod                         0x000063ff   Thumb Code    20  aeabi_sdiv.o(.text)
    __aeabi_idiv                             0x00006413   Thumb Code     0  aeabi_sdiv.o(.text)
    __aeabi_idivmod                          0x00006413   Thumb Code   326  aeabi_sdiv.o(.text)
    __use_two_region_memory                  0x00006559   Thumb Code     2  heapauxi.o(.text)
    __rt_heap_escrow$2region                 0x0000655b   Thumb Code     2  heapauxi.o(.text)
    __rt_heap_expand$2region                 0x0000655d   Thumb Code     2  heapauxi.o(.text)
    _printf_int_common                       0x0000655f   Thumb Code   176  _printf_intcommon.o(.text)
    _printf_char_common                      0x0000661b   Thumb Code    32  _printf_char_common.o(.text)
    _sputc                                   0x00006641   Thumb Code    10  _sputc.o(.text)
    _printf_cs_common                        0x0000664b   Thumb Code    22  _printf_char.o(.text)
    _printf_char                             0x00006661   Thumb Code    16  _printf_char.o(.text)
    _printf_string                           0x00006671   Thumb Code     8  _printf_char.o(.text)
    _printf_char_file                        0x00006679   Thumb Code    34  _printf_char_file.o(.text)
    __rt_udiv10                              0x000066a1   Thumb Code    40  rtudiv10.o(.text)
    ferror                                   0x000066c9   Thumb Code     8  ferror.o(.text)
    __user_setup_stackheap                   0x000066d1   Thumb Code    62  sys_stackheap_outer.o(.text)
    exit                                     0x0000670f   Thumb Code    12  exit.o(.text)
    __user_libspace                          0x0000671d   Thumb Code     8  libspace.o(.text)
    __user_perproc_libspace                  0x0000671d   Thumb Code     0  libspace.o(.text)
    __user_perthread_libspace                0x0000671d   Thumb Code     0  libspace.o(.text)
    _sys_exit                                0x00006725   Thumb Code     8  sys_exit.o(.text)
    __I$use$semihosting                      0x00006731   Thumb Code     0  use_no_semi.o(.text)
    __use_no_semihosting_swi                 0x00006731   Thumb Code     2  use_no_semi.o(.text)
    __ARM_common_switch8                     0x00006733   Thumb Code    28  pstorage.o(i.__ARM_common_switch8)
    __semihosting_library_function           0x00006733   Thumb Code     0  indicate_semi.o(.text)
    _is_digit                                0x0000674f   Thumb Code    14  __printf_wp.o(i._is_digit)
    m_service_context_store                  0x00006764   Data          16  device_manager_central.o(.constdata)
    m_service_context_load                   0x00006774   Data          16  device_manager_central.o(.constdata)
    m_service_context_apply                  0x00006784   Data          16  device_manager_central.o(.constdata)
    m_context_init_len                       0x00006794   Data           4  device_manager_central.o(.constdata)
    Region$$Table$$Base                      0x00006a68   Number         0  anon$$obj.o(Region$$Table)
    Region$$Table$$Limit                     0x00006a88   Number         0  anon$$obj.o(Region$$Table)
    __stdout                                 0x20000058   Data           4  app_trace.o(.data)
    __stdin                                  0x2000005c   Data           4  app_trace.o(.data)
    SystemCoreClock                          0x200000b0   Data           4  system_nrf51.o(.data)
    __libspace_start                         0x20000560   Data          96  libspace.o(.bss)
    __temporary_stack_top$libspace           0x200005c0   Data           0  libspace.o(.bss)



==============================================================================

Memory Map of the image

  Image Entry point : 0x00005e81

  Load Region LR_1 (Base: 0x00000000, Size: 0x00006b3c, Max: 0xffffffff, ABSOLUTE)

    Execution Region ER_RO (Base: 0x00000000, Size: 0x00006a88, Max: 0xffffffff, ABSOLUTE)

    Base Addr    Size         Type   Attr      Idx    E Section Name        Object

    0x00000000   0x000000c0   Data   RO          692    RESET               arm_startup_nrf51.o
    0x000000c0   0x00000008   Code   RO          804  * !!!main             c_p.l(__main.o)
    0x000000c8   0x0000003c   Code   RO          991    !!!scatter          c_p.l(__scatter.o)
    0x00000104   0x0000001a   Code   RO          993    !!handler_copy      c_p.l(__scatter_copy.o)
    0x0000011e   0x00000002   PAD
    0x00000120   0x0000001c   Code   RO          995    !!handler_zi        c_p.l(__scatter_zi.o)
    0x0000013c   0x00000002   Code   RO          785    .ARM.Collect$$_printf_percent$$00000000  c_p.l(_printf_percent.o)
    0x0000013e   0x0000000a   Code   RO          784    .ARM.Collect$$_printf_percent$$00000009  c_p.l(_printf_d.o)
    0x00000148   0x0000000a   Code   RO          783    .ARM.Collect$$_printf_percent$$0000000C  c_p.l(_printf_x.o)
    0x00000152   0x0000000a   Code   RO          782    .ARM.Collect$$_printf_percent$$00000014  c_p.l(_printf_s.o)
    0x0000015c   0x00000004   Code   RO          821    .ARM.Collect$$_printf_percent$$00000017  c_p.l(_printf_percent_end.o)
    0x00000160   0x00000002   Code   RO          861    .ARM.Collect$$libinit$$00000000  c_p.l(libinit.o)
    0x00000162   0x00000000   Code   RO          875    .ARM.Collect$$libinit$$00000002  c_p.l(libinit2.o)
    0x00000162   0x00000000   Code   RO          877    .ARM.Collect$$libinit$$00000004  c_p.l(libinit2.o)
    0x00000162   0x00000000   Code   RO          880    .ARM.Collect$$libinit$$0000000A  c_p.l(libinit2.o)
    0x00000162   0x00000000   Code   RO          882    .ARM.Collect$$libinit$$0000000C  c_p.l(libinit2.o)
    0x00000162   0x00000000   Code   RO          884    .ARM.Collect$$libinit$$0000000E  c_p.l(libinit2.o)
    0x00000162   0x00000000   Code   RO          887    .ARM.Collect$$libinit$$00000011  c_p.l(libinit2.o)
    0x00000162   0x00000000   Code   RO          889    .ARM.Collect$$libinit$$00000013  c_p.l(libinit2.o)
    0x00000162   0x00000000   Code   RO          891    .ARM.Collect$$libinit$$00000015  c_p.l(libinit2.o)
    0x00000162   0x00000000   Code   RO          893    .ARM.Collect$$libinit$$00000017  c_p.l(libinit2.o)
    0x00000162   0x00000000   Code   RO          895    .ARM.Collect$$libinit$$00000019  c_p.l(libinit2.o)
    0x00000162   0x00000000   Code   RO          897    .ARM.Collect$$libinit$$0000001B  c_p.l(libinit2.o)
    0x00000162   0x00000000   Code   RO          899    .ARM.Collect$$libinit$$0000001D  c_p.l(libinit2.o)
    0x00000162   0x00000000   Code   RO          901    .ARM.Collect$$libinit$$0000001F  c_p.l(libinit2.o)
    0x00000162   0x00000000   Code   RO          903    .ARM.Collect$$libinit$$00000021  c_p.l(libinit2.o)
    0x00000162   0x00000000   Code   RO          905    .ARM.Collect$$libinit$$00000023  c_p.l(libinit2.o)
    0x00000162   0x00000000   Code   RO          907    .ARM.Collect$$libinit$$00000025  c_p.l(libinit2.o)
    0x00000162   0x00000000   Code   RO          911    .ARM.Collect$$libinit$$0000002C  c_p.l(libinit2.o)
    0x00000162   0x00000000   Code   RO          913    .ARM.Collect$$libinit$$0000002E  c_p.l(libinit2.o)
    0x00000162   0x00000000   Code   RO          915    .ARM.Collect$$libinit$$00000030  c_p.l(libinit2.o)
    0x00000162   0x00000000   Code   RO          917    .ARM.Collect$$libinit$$00000032  c_p.l(libinit2.o)
    0x00000162   0x00000002   Code   RO          918    .ARM.Collect$$libinit$$00000033  c_p.l(libinit2.o)
    0x00000164   0x00000002   Code   RO          949    .ARM.Collect$$libshutdown$$00000000  c_p.l(libshutdown.o)
    0x00000166   0x00000000   Code   RO          976    .ARM.Collect$$libshutdown$$00000003  c_p.l(libshutdown2.o)
    0x00000166   0x00000000   Code   RO          979    .ARM.Collect$$libshutdown$$00000006  c_p.l(libshutdown2.o)
    0x00000166   0x00000000   Code   RO          982    .ARM.Collect$$libshutdown$$00000009  c_p.l(libshutdown2.o)
    0x00000166   0x00000000   Code   RO          984    .ARM.Collect$$libshutdown$$0000000B  c_p.l(libshutdown2.o)
    0x00000166   0x00000000   Code   RO          987    .ARM.Collect$$libshutdown$$0000000E  c_p.l(libshutdown2.o)
    0x00000166   0x00000002   Code   RO          988    .ARM.Collect$$libshutdown$$0000000F  c_p.l(libshutdown2.o)
    0x00000168   0x00000000   Code   RO          806    .ARM.Collect$$rtentry$$00000000  c_p.l(__rtentry.o)
    0x00000168   0x00000000   Code   RO          825    .ARM.Collect$$rtentry$$00000002  c_p.l(__rtentry2.o)
    0x00000168   0x00000006   Code   RO          837    .ARM.Collect$$rtentry$$00000004  c_p.l(__rtentry4.o)
    0x0000016e   0x00000000   Code   RO          827    .ARM.Collect$$rtentry$$00000009  c_p.l(__rtentry2.o)
    0x0000016e   0x00000004   Code   RO          828    .ARM.Collect$$rtentry$$0000000A  c_p.l(__rtentry2.o)
    0x00000172   0x00000000   Code   RO          830    .ARM.Collect$$rtentry$$0000000C  c_p.l(__rtentry2.o)
    0x00000172   0x00000008   Code   RO          831    .ARM.Collect$$rtentry$$0000000D  c_p.l(__rtentry2.o)
    0x0000017a   0x00000002   Code   RO          866    .ARM.Collect$$rtexit$$00000000  c_p.l(rtexit.o)
    0x0000017c   0x00000000   Code   RO          922    .ARM.Collect$$rtexit$$00000002  c_p.l(rtexit2.o)
    0x0000017c   0x00000004   Code   RO          923    .ARM.Collect$$rtexit$$00000003  c_p.l(rtexit2.o)
    0x00000180   0x00000006   Code   RO          924    .ARM.Collect$$rtexit$$00000004  c_p.l(rtexit2.o)
    0x00000186   0x00000002   PAD
    0x00000188   0x0000001e   Code   RO          368    .emb_text           app_timer.o
    0x000001a6   0x00000002   PAD
    0x000001a8   0x0000001e   Code   RO          540    .emb_text           nrf6350.o
    0x000001c6   0x00000002   PAD
    0x000001c8   0x0000001e   Code   RO          604    .emb_text           simple_uart.o
    0x000001e6   0x00000002   PAD
    0x000001e8   0x0000001e   Code   RO          665    .emb_text           twi_hw_master.o
    0x00000206   0x00000002   PAD
    0x00000208   0x00000038   Code   RO          790    .emb_text           c_p.l(rt_memcpy.o)
    0x00000240   0x00000f2c   Code   RO            3    .text               main.o
    0x0000116c   0x00000380   Code   RO          187    .text               ble_bas_c.o
    0x000014ec   0x000002fc   Code   RO          242    .text               ble_hrs_c.o
    0x000017e8   0x0000046c   Code   RO          325    .text               app_gpiote.o
    0x00001c54   0x00000b0c   Code   RO          369    .text               app_timer.o
    0x00002760   0x00000058   Code   RO          418    .text               app_trace.o
    0x000027b8   0x00000780   Code   RO          455    .text               ble_db_discovery.o
    0x00002f38   0x00001938   Code   RO          509    .text               device_manager_central.o
    0x00004870   0x0000034c   Code   RO          541    .text               nrf6350.o
    0x00004bbc   0x00000cbc   Code   RO          570    .text               pstorage.o
    0x00005878   0x0000011c   Code   RO          605    .text               simple_uart.o
    0x00005994   0x000001bc   Code   RO          631    .text               softdevice_handler.o
    0x00005b50   0x00000330   Code   RO          666    .text               twi_hw_master.o
    0x00005e80   0x00000054   Code   RO          693  * .text               arm_startup_nrf51.o
    0x00005ed4   0x000000e8   Code   RO          699    .text               system_nrf51.o
    0x00005fbc   0x0000001c   Code   RO          729    .text               c_p.l(noretval__2printf.o)
    0x00005fd8   0x00000028   Code   RO          731    .text               c_p.l(noretval__2sprintf.o)
    0x00006000   0x0000004e   Code   RO          735    .text               c_p.l(_printf_pad.o)
    0x0000604e   0x00000052   Code   RO          737    .text               c_p.l(_printf_str.o)
    0x000060a0   0x0000006c   Code   RO          739    .text               c_p.l(_printf_dec.o)
    0x0000610c   0x00000058   Code   RO          744    .text               c_p.l(_printf_hex_int.o)
    0x00006164   0x00000138   Code   RO          774    .text               c_p.l(__printf_flags_wp.o)
    0x0000629c   0x0000005a   Code   RO          786    .text               c_p.l(memcmp.o)
    0x000062f6   0x00000002   PAD
    0x000062f8   0x00000044   Code   RO          788    .text               c_p.l(strlen.o)
    0x0000633c   0x00000082   Code   RO          791    .text               c_p.l(rt_memcpy.o)
    0x000063be   0x00000040   Code   RO          794    .text               c_p.l(rt_memclr.o)
    0x000063fe   0x0000015a   Code   RO          798    .text               c_p.l(aeabi_sdiv.o)
    0x00006558   0x00000006   Code   RO          802    .text               c_p.l(heapauxi.o)
    0x0000655e   0x000000b0   Code   RO          811    .text               c_p.l(_printf_intcommon.o)
    0x0000660e   0x00000002   PAD
    0x00006610   0x00000030   Code   RO          813    .text               c_p.l(_printf_char_common.o)
    0x00006640   0x0000000a   Code   RO          815    .text               c_p.l(_sputc.o)
    0x0000664a   0x0000002e   Code   RO          817    .text               c_p.l(_printf_char.o)
    0x00006678   0x00000028   Code   RO          819    .text               c_p.l(_printf_char_file.o)
    0x000066a0   0x00000028   Code   RO          822    .text               c_p.l(rtudiv10.o)
    0x000066c8   0x00000008   Code   RO          843    .text               c_p.l(ferror.o)
    0x000066d0   0x0000003e   Code   RO          847    .text               c_p.l(sys_stackheap_outer.o)
    0x0000670e   0x0000000c   Code   RO          850    .text               c_p.l(exit.o)
    0x0000671a   0x00000002   PAD
    0x0000671c   0x00000008   Code   RO          862    .text               c_p.l(libspace.o)
    0x00006724   0x0000000c   Code   RO          919    .text               c_p.l(sys_exit.o)
    0x00006730   0x00000002   Code   RO          938    .text               c_p.l(use_no_semi.o)
    0x00006732   0x00000000   Code   RO          940    .text               c_p.l(indicate_semi.o)
    0x00006732   0x0000001c   Code   RO          588    i.__ARM_common_switch8  pstorage.o
    0x0000674e   0x0000000e   Code   RO          772    i._is_digit         c_p.l(__printf_wp.o)
    0x0000675c   0x00000008   Data   RO            5    .constdata          main.o
    0x00006764   0x00000034   Data   RO          511    .constdata          device_manager_central.o
    0x00006798   0x00000028   Data   RO          745    .constdata          c_p.l(_printf_hex_int.o)
    0x000067c0   0x00000011   Data   RO          775    .constdata          c_p.l(__printf_flags_wp.o)
    0x000067d1   0x00000003   PAD
    0x000067d4   0x00000041   Data   RO            6    .conststring        main.o
    0x00006815   0x00000003   PAD
    0x00006818   0x000000a2   Data   RO          189    .conststring        ble_bas_c.o
    0x000068ba   0x00000002   PAD
    0x000068bc   0x000000a2   Data   RO          244    .conststring        ble_hrs_c.o
    0x0000695e   0x00000002   PAD
    0x00006960   0x00000107   Data   RO          457    .conststring        ble_db_discovery.o
    0x00006a67   0x00000001   PAD
    0x00006a68   0x00000020   Data   RO          989    Region$$Table       anon$$obj.o


    Execution Region ER_RW (Base: 0x20000000, Size: 0x000000b4, Max: 0xffffffff, ABSOLUTE)

    Base Addr    Size         Type   Attr      Idx    E Section Name        Object

    0x20000000   0x00000008   Data   RW            7    .data               main.o
    0x20000008   0x0000000c   Data   RW          190    .data               ble_bas_c.o
    0x20000014   0x0000000c   Data   RW          245    .data               ble_hrs_c.o
    0x20000020   0x0000000c   Data   RW          326    .data               app_gpiote.o
    0x2000002c   0x00000029   Data   RW          370    .data               app_timer.o
    0x20000055   0x00000003   PAD
    0x20000058   0x00000008   Data   RW          419    .data               app_trace.o
    0x20000060   0x0000000d   Data   RW          458    .data               ble_db_discovery.o
    0x2000006d   0x00000003   PAD
    0x20000070   0x0000000d   Data   RW          512    .data               device_manager_central.o
    0x2000007d   0x00000012   Data   RW          543    .data               nrf6350.o
    0x2000008f   0x00000001   PAD
    0x20000090   0x0000000c   Data   RW          572    .data               pstorage.o
    0x2000009c   0x00000014   Data   RW          632    .data               softdevice_handler.o
    0x200000b0   0x00000004   Data   RW          700    .data               system_nrf51.o


    Execution Region ER_ZI (Base: 0x200000b4, Size: 0x0000150c, Max: 0xffffffff, ABSOLUTE)

    Base Addr    Size         Type   Attr      Idx    E Section Name        Object

    0x200000b4   0x000000d4   Zero   RW            4    .bss                main.o
    0x20000188   0x000000a0   Zero   RW          188    .bss                ble_bas_c.o
    0x20000228   0x000000a0   Zero   RW          243    .bss                ble_hrs_c.o
    0x200002c8   0x00000080   Zero   RW          456    .bss                ble_db_discovery.o
    0x20000348   0x0000011b   Zero   RW          510    .bss                device_manager_central.o
    0x20000463   0x00000020   Zero   RW          542    .bss                nrf6350.o
    0x20000483   0x00000001   PAD
    0x20000484   0x000000dc   Zero   RW          571    .bss                pstorage.o
    0x20000560   0x00000060   Zero   RW          863    .bss                c_p.l(libspace.o)
    0x200005c0   0x00000800   Zero   RW          691    HEAP                arm_startup_nrf51.o
    0x20000dc0   0x00000800   Zero   RW          690    STACK               arm_startup_nrf51.o


==============================================================================

Image component sizes


      Code (inc. data)   RO Data    RW Data    ZI Data      Debug   Object Name

      1132         40          0         12          0      12526   app_gpiote.o
      2858        178          0         41          0      24197   app_timer.o
        88         14          0          8          0       3272   app_trace.o
        84         36        192          0       4096        632   arm_startup_nrf51.o
       896        188        162         12        160      32250   ble_bas_c.o
      1920         62        263         13        128       8276   ble_db_discovery.o
       764        138        162         12        160       5877   ble_hrs_c.o
      6456        320         52         13        283      25615   device_manager_central.o
      3884       1438         73          8        212      73618   main.o
       874         32          0         18         32       4301   nrf6350.o
      3288         94          0         12        220      11614   pstorage.o
       314         16          0          0          0       4532   simple_uart.o
       444         62          0         20          0       6724   softdevice_handler.o
       232         30          0          4          0       1205   system_nrf51.o
       846         36          0          0          0       3038   twi_hw_master.o

    ----------------------------------------------------------------------
     24088       2684        944        180       5292     217677   Object Totals
         0          0         32          0          0          0   (incl. Generated)
         8          0          8          7          1          0   (incl. Padding)

    ----------------------------------------------------------------------

      Code (inc. data)   RO Data    RW Data    ZI Data      Debug   Library Member Name

         8          0          0          0          0         68   __main.o
       312          6         17          0          0         76   __printf_flags_wp.o
        14          0          0          0          0         60   __printf_wp.o
         0          0          0          0          0          0   __rtentry.o
        12          0          0          0          0          0   __rtentry2.o
         6          0          0          0          0          0   __rtentry4.o
        60          8          0          0          0          0   __scatter.o
        26          0          0          0          0          0   __scatter_copy.o
        28          0          0          0          0          0   __scatter_zi.o
        46          0          0          0          0        100   _printf_char.o
        48          6          0          0          0         88   _printf_char_common.o
        40          6          0          0          0         72   _printf_char_file.o
        10          0          0          0          0          0   _printf_d.o
       108         18          0          0          0         76   _printf_dec.o
        88          4         40          0          0         72   _printf_hex_int.o
       176          0          0          0          0         84   _printf_intcommon.o
        78          0          0          0          0        100   _printf_pad.o
         2          0          0          0          0          0   _printf_percent.o
         4          0          0          0          0          0   _printf_percent_end.o
        10          0          0          0          0          0   _printf_s.o
        82          0          0          0          0         72   _printf_str.o
        10          0          0          0          0          0   _printf_x.o
        10          0          0          0          0         60   _sputc.o
       346          0          0          0          0         92   aeabi_sdiv.o
        12          0          0          0          0         64   exit.o
         8          0          0          0          0         60   ferror.o
         6          0          0          0          0        136   heapauxi.o
         0          0          0          0          0          0   indicate_semi.o
         2          0          0          0          0          0   libinit.o
         2          0          0          0          0          0   libinit2.o
         2          0          0          0          0          0   libshutdown.o
         2          0          0          0          0          0   libshutdown2.o
         8          4          0          0         96         68   libspace.o
        90          0          0          0          0         68   memcmp.o
        28          6          0          0          0         84   noretval__2printf.o
        40          4          0          0          0         84   noretval__2sprintf.o
        64          0          0          0          0        108   rt_memclr.o
       186          0          0          0          0        144   rt_memcpy.o
         2          0          0          0          0          0   rtexit.o
        10          0          0          0          0          0   rtexit2.o
        40          0          0          0          0         60   rtudiv10.o
        68          6          0          0          0         72   strlen.o
        12          4          0          0          0         60   sys_exit.o
        62          0          0          0          0         80   sys_stackheap_outer.o
         2          0          0          0          0         68   use_no_semi.o

    ----------------------------------------------------------------------
      2180         72         60          0         96       2176   Library Totals
        10          0          3          0          0          0   (incl. Padding)

    ----------------------------------------------------------------------

      Code (inc. data)   RO Data    RW Data    ZI Data      Debug   Library Name

      2170         72         57          0         96       2176   c_p.l

    ----------------------------------------------------------------------
      2180         72         60          0         96       2176   Library Totals

    ----------------------------------------------------------------------

==============================================================================


      Code (inc. data)   RO Data    RW Data    ZI Data      Debug   

     26268       2756       1004        180       5388     217689   Grand Totals
     26268       2756       1004        180       5388     217689   ELF Image Totals
     26268       2756       1004        180          0          0   ROM Totals

==============================================================================

    Total RO  Size (Code + RO Data)                27272 (  26.63kB)
    Total RW  Size (RW Data + ZI Data)              5568 (   5.44kB)
    Total ROM Size (Code + RO Data + RW Data)      27452 (  26.81kB)

==============================================================================

